---
source: tests/cli_golden.rs
expression: normalize_json(query_json)
---
{
  "ok": true,
  "query": {
    "filters": null,
    "limit": 3,
    "offset": 0,
    "rql": "SELECT chunk.text, chunk.offset, doc.path FROM chunk USING semantic('recall') LIMIT 3;",
    "text": ""
  },
  "results": [
    {
      "chunk": {
        "offset": 0,
        "text": "hello world this is recall"
      },
      "doc": {
        "path": "docs/a.txt"
      }
    }
  ],
  "schema_version": "1",
  "stats": {
    "chunk_count": null,
    "db_size_bytes": null,
    "doc_count": null,
    "snapshot": "",
    "took_ms": 0,
    "total_hits": 1
  }
}
